Archive member included because of file (symbol)

/opt/cross/avr/lib/gcc/avr/4.3.3/avr25/libgcc.a(_udivmodsi4.o)
                              ./main.o (__udivmodsi4)
/opt/cross/avr/lib/gcc/avr/4.3.3/avr25/libgcc.a(_divmodsi4.o)
                              ./main.o (__divmodsi4)
/opt/cross/avr/lib/gcc/avr/4.3.3/avr25/libgcc.a(_exit.o)
                              /opt/cross/avr/lib/gcc/avr/4.3.3/../../../../avr/lib/avr25/crttn2313.o (exit)
/opt/cross/avr/lib/gcc/avr/4.3.3/avr25/libgcc.a(_copy_data.o)
                              ./main.o (__do_copy_data)
/opt/cross/avr/lib/gcc/avr/4.3.3/avr25/libgcc.a(_clear_bss.o)
                              ./main.o (__do_clear_bss)
/opt/cross/avr/lib/gcc/avr/4.3.3/../../../../avr/lib/avr25/libc.a(itoa.o)
                              ./main.o (itoa)
/opt/cross/avr/lib/gcc/avr/4.3.3/../../../../avr/lib/avr25/libc.a(strrev.o)
                              /opt/cross/avr/lib/gcc/avr/4.3.3/../../../../avr/lib/avr25/libc.a(itoa.o) (strrev)
/opt/cross/avr/lib/gcc/avr/4.3.3/avr25/libgcc.a(_udivmodhi4.o)
                              /opt/cross/avr/lib/gcc/avr/4.3.3/../../../../avr/lib/avr25/libc.a(itoa.o) (__udivmodhi4)

Memory Configuration

Name             Origin             Length             Attributes
text             0x0000000000000000 0x0000000000002000 xr
data             0x0000000000800060 0x000000000000ffa0 rw !x
eeprom           0x0000000000810000 0x0000000000010000 rw !x
fuse             0x0000000000820000 0x0000000000000400 rw !x
lock             0x0000000000830000 0x0000000000000400 rw !x
signature        0x0000000000840000 0x0000000000000400 rw !x
*default*        0x0000000000000000 0xffffffffffffffff

Linker script and memory map

LOAD /opt/cross/avr/lib/gcc/avr/4.3.3/../../../../avr/lib/avr25/crttn2313.o
LOAD ./main.o
LOAD /opt/cross/avr/lib/gcc/avr/4.3.3/avr25/libgcc.a
LOAD /opt/cross/avr/lib/gcc/avr/4.3.3/../../../../avr/lib/avr25/libm.a
LOAD /opt/cross/avr/lib/gcc/avr/4.3.3/avr25/libgcc.a
LOAD /opt/cross/avr/lib/gcc/avr/4.3.3/../../../../avr/lib/avr25/libc.a
LOAD /opt/cross/avr/lib/gcc/avr/4.3.3/avr25/libgcc.a

.hash
 *(.hash)

.dynsym
 *(.dynsym)

.dynstr
 *(.dynstr)

.gnu.version
 *(.gnu.version)

.gnu.version_d
 *(.gnu.version_d)

.gnu.version_r
 *(.gnu.version_r)

.rel.init
 *(.rel.init)

.rela.init
 *(.rela.init)

.rel.text
 *(.rel.text)
 *(.rel.text.*)
 *(.rel.gnu.linkonce.t*)

.rela.text
 *(.rela.text)
 *(.rela.text.*)
 *(.rela.gnu.linkonce.t*)

.rel.fini
 *(.rel.fini)

.rela.fini
 *(.rela.fini)

.rel.rodata
 *(.rel.rodata)
 *(.rel.rodata.*)
 *(.rel.gnu.linkonce.r*)

.rela.rodata
 *(.rela.rodata)
 *(.rela.rodata.*)
 *(.rela.gnu.linkonce.r*)

.rel.data
 *(.rel.data)
 *(.rel.data.*)
 *(.rel.gnu.linkonce.d*)

.rela.data
 *(.rela.data)
 *(.rela.data.*)
 *(.rela.gnu.linkonce.d*)

.rel.ctors
 *(.rel.ctors)

.rela.ctors
 *(.rela.ctors)

.rel.dtors
 *(.rel.dtors)

.rela.dtors
 *(.rela.dtors)

.rel.got
 *(.rel.got)

.rela.got
 *(.rela.got)

.rel.bss
 *(.rel.bss)

.rela.bss
 *(.rela.bss)

.rel.plt
 *(.rel.plt)

.rela.plt
 *(.rela.plt)

.text           0x0000000000000000      0x5bc
 *(.vectors)
 .vectors       0x0000000000000000       0x26 /opt/cross/avr/lib/gcc/avr/4.3.3/../../../../avr/lib/avr25/crttn2313.o
                0x0000000000000000                __vectors
                0x0000000000000000                __vector_default
 *(.vectors)
 *(.progmem.gcc*)
 *(.progmem*)
                0x0000000000000026                . = ALIGN (0x2)
                0x0000000000000026                __trampolines_start = .
 *(.trampolines)
 .trampolines   0x0000000000000026        0x0 linker stubs
 *(.trampolines*)
                0x0000000000000026                __trampolines_end = .
 *(.jumptables)
 *(.jumptables*)
 *(.lowtext)
 *(.lowtext*)
                0x0000000000000026                __ctors_start = .
 *(.ctors)
                0x0000000000000026                __ctors_end = .
                0x0000000000000026                __dtors_start = .
 *(.dtors)
                0x0000000000000026                __dtors_end = .
 SORT(*)(.ctors)
 SORT(*)(.dtors)
 *(.init0)
 .init0         0x0000000000000026        0x0 /opt/cross/avr/lib/gcc/avr/4.3.3/../../../../avr/lib/avr25/crttn2313.o
                0x0000000000000026                __init
 *(.init0)
 *(.init1)
 *(.init1)
 *(.init2)
 .init2         0x0000000000000026        0x8 /opt/cross/avr/lib/gcc/avr/4.3.3/../../../../avr/lib/avr25/crttn2313.o
 *(.init2)
 *(.init3)
 *(.init3)
 *(.init4)
 .init4         0x000000000000002e       0x16 /opt/cross/avr/lib/gcc/avr/4.3.3/avr25/libgcc.a(_copy_data.o)
                0x000000000000002e                __do_copy_data
 .init4         0x0000000000000044       0x10 /opt/cross/avr/lib/gcc/avr/4.3.3/avr25/libgcc.a(_clear_bss.o)
                0x0000000000000044                __do_clear_bss
 *(.init4)
 *(.init5)
 *(.init5)
 *(.init6)
 *(.init6)
 *(.init7)
 *(.init7)
 *(.init8)
 *(.init8)
 *(.init9)
 .init9         0x0000000000000054        0x4 /opt/cross/avr/lib/gcc/avr/4.3.3/../../../../avr/lib/avr25/crttn2313.o
 *(.init9)
 *(.text)
 .text          0x0000000000000058        0x2 /opt/cross/avr/lib/gcc/avr/4.3.3/../../../../avr/lib/avr25/crttn2313.o
                0x0000000000000058                __vector_1
                0x0000000000000058                __vector_12
                0x0000000000000058                __bad_interrupt
                0x0000000000000058                __vector_6
                0x0000000000000058                __vector_3
                0x0000000000000058                __vector_11
                0x0000000000000058                __vector_13
                0x0000000000000058                __vector_17
                0x0000000000000058                __vector_7
                0x0000000000000058                __vector_5
                0x0000000000000058                __vector_4
                0x0000000000000058                __vector_9
                0x0000000000000058                __vector_2
                0x0000000000000058                __vector_15
                0x0000000000000058                __vector_8
                0x0000000000000058                __vector_14
                0x0000000000000058                __vector_10
                0x0000000000000058                __vector_16
                0x0000000000000058                __vector_18
 .text          0x000000000000005a      0x45e ./main.o
                0x00000000000002ec                rfm12_get_status
                0x000000000000007a                rf12_trans
                0x000000000000005a                uuart_putc
                0x00000000000002f4                rfm12_int_process
                0x00000000000001f8                rf12_data
                0x0000000000000258                rf12_rxbyte
                0x00000000000000e4                rfm12_setfreq
                0x0000000000000102                rfm12_setbaud
                0x0000000000000462                main
                0x00000000000000b2                rfm12_setbandwidth
                0x00000000000002b0                rf12_rxdata_if_available
                0x0000000000000162                rf12_init
                0x00000000000001c6                rf12_ready
                0x0000000000000066                uuart_puts
                0x0000000000000144                rfm12_setpower
                0x00000000000001c2                rfm12_init
                0x000000000000020e                rf12_rxdata
                0x0000000000000276                enable_rx
                0x00000000000002a8                disable_rx
 .text          0x00000000000004b8        0x0 /opt/cross/avr/lib/gcc/avr/4.3.3/avr25/libgcc.a(_udivmodsi4.o)
 .text          0x00000000000004b8        0x0 /opt/cross/avr/lib/gcc/avr/4.3.3/avr25/libgcc.a(_divmodsi4.o)
 .text          0x00000000000004b8        0x0 /opt/cross/avr/lib/gcc/avr/4.3.3/avr25/libgcc.a(_exit.o)
 .text          0x00000000000004b8        0x0 /opt/cross/avr/lib/gcc/avr/4.3.3/avr25/libgcc.a(_copy_data.o)
 .text          0x00000000000004b8        0x0 /opt/cross/avr/lib/gcc/avr/4.3.3/avr25/libgcc.a(_clear_bss.o)
 .text          0x00000000000004b8        0x0 /opt/cross/avr/lib/gcc/avr/4.3.3/../../../../avr/lib/avr25/libc.a(itoa.o)
 .text          0x00000000000004b8        0x0 /opt/cross/avr/lib/gcc/avr/4.3.3/../../../../avr/lib/avr25/libc.a(strrev.o)
 .text          0x00000000000004b8        0x0 /opt/cross/avr/lib/gcc/avr/4.3.3/avr25/libgcc.a(_udivmodhi4.o)
                0x00000000000004b8                . = ALIGN (0x2)
 *(.text.*)
 .text.libgcc   0x00000000000004b8       0x44 /opt/cross/avr/lib/gcc/avr/4.3.3/avr25/libgcc.a(_udivmodsi4.o)
                0x00000000000004b8                __udivmodsi4
 .text.libgcc   0x00000000000004fc       0x36 /opt/cross/avr/lib/gcc/avr/4.3.3/avr25/libgcc.a(_divmodsi4.o)
                0x00000000000004fc                __divmodsi4
 .text.libgcc   0x0000000000000532        0x0 /opt/cross/avr/lib/gcc/avr/4.3.3/avr25/libgcc.a(_exit.o)
 .text.libgcc   0x0000000000000532        0x0 /opt/cross/avr/lib/gcc/avr/4.3.3/avr25/libgcc.a(_copy_data.o)
 .text.libgcc   0x0000000000000532        0x0 /opt/cross/avr/lib/gcc/avr/4.3.3/avr25/libgcc.a(_clear_bss.o)
 .text.avr-libc
                0x0000000000000532       0x3e /opt/cross/avr/lib/gcc/avr/4.3.3/../../../../avr/lib/avr25/libc.a(itoa.o)
                0x0000000000000532                itoa
 .text.avr-libc
                0x0000000000000570       0x20 /opt/cross/avr/lib/gcc/avr/4.3.3/../../../../avr/lib/avr25/libc.a(strrev.o)
                0x0000000000000570                strrev
 .text.libgcc   0x0000000000000590       0x28 /opt/cross/avr/lib/gcc/avr/4.3.3/avr25/libgcc.a(_udivmodhi4.o)
                0x0000000000000590                __udivmodhi4
                0x00000000000005b8                . = ALIGN (0x2)
 *(.fini9)
 .fini9         0x00000000000005b8        0x0 /opt/cross/avr/lib/gcc/avr/4.3.3/avr25/libgcc.a(_exit.o)
                0x00000000000005b8                exit
                0x00000000000005b8                _exit
 *(.fini9)
 *(.fini8)
 *(.fini8)
 *(.fini7)
 *(.fini7)
 *(.fini6)
 *(.fini6)
 *(.fini5)
 *(.fini5)
 *(.fini4)
 *(.fini4)
 *(.fini3)
 *(.fini3)
 *(.fini2)
 *(.fini2)
 *(.fini1)
 *(.fini1)
 *(.fini0)
 .fini0         0x00000000000005b8        0x4 /opt/cross/avr/lib/gcc/avr/4.3.3/avr25/libgcc.a(_exit.o)
 *(.fini0)
                0x00000000000005bc                _etext = .

.data           0x0000000000800060       0x60 load address 0x00000000000005bc
                0x0000000000800060                PROVIDE (__data_start, .)
 *(.data)
 .data          0x0000000000800060        0x0 /opt/cross/avr/lib/gcc/avr/4.3.3/../../../../avr/lib/avr25/crttn2313.o
 .data          0x0000000000800060       0x5f ./main.o
 .data          0x00000000008000bf        0x0 /opt/cross/avr/lib/gcc/avr/4.3.3/avr25/libgcc.a(_udivmodsi4.o)
 .data          0x00000000008000bf        0x0 /opt/cross/avr/lib/gcc/avr/4.3.3/avr25/libgcc.a(_divmodsi4.o)
 .data          0x00000000008000bf        0x0 /opt/cross/avr/lib/gcc/avr/4.3.3/avr25/libgcc.a(_exit.o)
 .data          0x00000000008000bf        0x0 /opt/cross/avr/lib/gcc/avr/4.3.3/avr25/libgcc.a(_copy_data.o)
 .data          0x00000000008000bf        0x0 /opt/cross/avr/lib/gcc/avr/4.3.3/avr25/libgcc.a(_clear_bss.o)
 .data          0x00000000008000bf        0x0 /opt/cross/avr/lib/gcc/avr/4.3.3/../../../../avr/lib/avr25/libc.a(itoa.o)
 .data          0x00000000008000bf        0x0 /opt/cross/avr/lib/gcc/avr/4.3.3/../../../../avr/lib/avr25/libc.a(strrev.o)
 .data          0x00000000008000bf        0x0 /opt/cross/avr/lib/gcc/avr/4.3.3/avr25/libgcc.a(_udivmodhi4.o)
 *(.data*)
 *(.rodata)
 *(.rodata*)
 *(.gnu.linkonce.d*)
                0x00000000008000c0                . = ALIGN (0x2)
 *fill*         0x00000000008000bf        0x1 00
                0x00000000008000c0                _edata = .
                0x00000000008000c0                PROVIDE (__data_end, .)

.bss            0x00000000008000c0        0x0
                0x00000000008000c0                PROVIDE (__bss_start, .)
 *(.bss)
 .bss           0x00000000008000c0        0x0 /opt/cross/avr/lib/gcc/avr/4.3.3/../../../../avr/lib/avr25/crttn2313.o
 .bss           0x00000000008000c0        0x0 ./main.o
 .bss           0x00000000008000c0        0x0 /opt/cross/avr/lib/gcc/avr/4.3.3/avr25/libgcc.a(_udivmodsi4.o)
 .bss           0x00000000008000c0        0x0 /opt/cross/avr/lib/gcc/avr/4.3.3/avr25/libgcc.a(_divmodsi4.o)
 .bss           0x00000000008000c0        0x0 /opt/cross/avr/lib/gcc/avr/4.3.3/avr25/libgcc.a(_exit.o)
 .bss           0x00000000008000c0        0x0 /opt/cross/avr/lib/gcc/avr/4.3.3/avr25/libgcc.a(_copy_data.o)
 .bss           0x00000000008000c0        0x0 /opt/cross/avr/lib/gcc/avr/4.3.3/avr25/libgcc.a(_clear_bss.o)
 .bss           0x00000000008000c0        0x0 /opt/cross/avr/lib/gcc/avr/4.3.3/../../../../avr/lib/avr25/libc.a(itoa.o)
 .bss           0x00000000008000c0        0x0 /opt/cross/avr/lib/gcc/avr/4.3.3/../../../../avr/lib/avr25/libc.a(strrev.o)
 .bss           0x00000000008000c0        0x0 /opt/cross/avr/lib/gcc/avr/4.3.3/avr25/libgcc.a(_udivmodhi4.o)
 *(.bss*)
 *(COMMON)
                0x00000000008000c0                PROVIDE (__bss_end, .)
                0x00000000000005bc                __data_load_start = LOADADDR (.data)
                0x000000000000061c                __data_load_end = (__data_load_start + SIZEOF (.data))

.noinit         0x00000000008000c0        0x0
                0x00000000008000c0                PROVIDE (__noinit_start, .)
 *(.noinit*)
                0x00000000008000c0                PROVIDE (__noinit_end, .)
                0x00000000008000c0                _end = .
                0x00000000008000c0                PROVIDE (__heap_start, .)

.eeprom         0x0000000000810000        0x0
 *(.eeprom*)
                0x0000000000810000                __eeprom_end = .

.fuse
 *(.fuse)
 *(.lfuse)
 *(.hfuse)
 *(.efuse)

.lock
 *(.lock*)

.signature
 *(.signature*)

.stab           0x0000000000000000      0x93c
 *(.stab)
 .stab          0x0000000000000000      0x6b4 /opt/cross/avr/lib/gcc/avr/4.3.3/../../../../avr/lib/avr25/crttn2313.o
 .stab          0x00000000000006b4      0x1b0 /opt/cross/avr/lib/gcc/avr/4.3.3/../../../../avr/lib/avr25/libc.a(itoa.o)
                                        0x1bc (size before relaxing)
 .stab          0x0000000000000864       0xd8 /opt/cross/avr/lib/gcc/avr/4.3.3/../../../../avr/lib/avr25/libc.a(strrev.o)
                                         0xe4 (size before relaxing)

.stabstr        0x0000000000000000       0xb4
 *(.stabstr)
 .stabstr       0x0000000000000000       0xb4 /opt/cross/avr/lib/gcc/avr/4.3.3/../../../../avr/lib/avr25/crttn2313.o

.stab.excl
 *(.stab.excl)

.stab.exclstr
 *(.stab.exclstr)

.stab.index
 *(.stab.index)

.stab.indexstr
 *(.stab.indexstr)

.comment
 *(.comment)

.debug
 *(.debug)

.line
 *(.line)

.debug_srcinfo
 *(.debug_srcinfo)

.debug_sfnames
 *(.debug_sfnames)

.debug_aranges
 *(.debug_aranges)

.debug_pubnames
 *(.debug_pubnames)

.debug_info
 *(.debug_info)
 *(.gnu.linkonce.wi.*)

.debug_abbrev
 *(.debug_abbrev)

.debug_line
 *(.debug_line)

.debug_frame
 *(.debug_frame)

.debug_str
 *(.debug_str)

.debug_loc
 *(.debug_loc)

.debug_macinfo
 *(.debug_macinfo)
OUTPUT(RFM12-uart_tiny2313.elf elf32-avr)
LOAD linker stubs

Cross Reference Table

Symbol                                            File
__bad_interrupt                                   /opt/cross/avr/lib/gcc/avr/4.3.3/../../../../avr/lib/avr25/crttn2313.o
__bss_end                                         /opt/cross/avr/lib/gcc/avr/4.3.3/avr25/libgcc.a(_clear_bss.o)
__bss_start                                       /opt/cross/avr/lib/gcc/avr/4.3.3/avr25/libgcc.a(_clear_bss.o)
__data_end                                        /opt/cross/avr/lib/gcc/avr/4.3.3/avr25/libgcc.a(_copy_data.o)
__data_load_start                                 /opt/cross/avr/lib/gcc/avr/4.3.3/avr25/libgcc.a(_copy_data.o)
__data_start                                      /opt/cross/avr/lib/gcc/avr/4.3.3/avr25/libgcc.a(_copy_data.o)
__divmodsi4                                       /opt/cross/avr/lib/gcc/avr/4.3.3/avr25/libgcc.a(_divmodsi4.o)
                                                  ./main.o
__do_clear_bss                                    /opt/cross/avr/lib/gcc/avr/4.3.3/avr25/libgcc.a(_clear_bss.o)
                                                  ./main.o
__do_copy_data                                    /opt/cross/avr/lib/gcc/avr/4.3.3/avr25/libgcc.a(_copy_data.o)
                                                  ./main.o
__heap_end                                        /opt/cross/avr/lib/gcc/avr/4.3.3/../../../../avr/lib/avr25/crttn2313.o
__init                                            /opt/cross/avr/lib/gcc/avr/4.3.3/../../../../avr/lib/avr25/crttn2313.o
__stack                                           /opt/cross/avr/lib/gcc/avr/4.3.3/../../../../avr/lib/avr25/crttn2313.o
__udivmodhi4                                      /opt/cross/avr/lib/gcc/avr/4.3.3/avr25/libgcc.a(_udivmodhi4.o)
                                                  /opt/cross/avr/lib/gcc/avr/4.3.3/../../../../avr/lib/avr25/libc.a(itoa.o)
__udivmodsi4                                      /opt/cross/avr/lib/gcc/avr/4.3.3/avr25/libgcc.a(_udivmodsi4.o)
                                                  /opt/cross/avr/lib/gcc/avr/4.3.3/avr25/libgcc.a(_divmodsi4.o)
                                                  ./main.o
__vector_1                                        /opt/cross/avr/lib/gcc/avr/4.3.3/../../../../avr/lib/avr25/crttn2313.o
__vector_10                                       /opt/cross/avr/lib/gcc/avr/4.3.3/../../../../avr/lib/avr25/crttn2313.o
__vector_11                                       /opt/cross/avr/lib/gcc/avr/4.3.3/../../../../avr/lib/avr25/crttn2313.o
__vector_12                                       /opt/cross/avr/lib/gcc/avr/4.3.3/../../../../avr/lib/avr25/crttn2313.o
__vector_13                                       /opt/cross/avr/lib/gcc/avr/4.3.3/../../../../avr/lib/avr25/crttn2313.o
__vector_14                                       /opt/cross/avr/lib/gcc/avr/4.3.3/../../../../avr/lib/avr25/crttn2313.o
__vector_15                                       /opt/cross/avr/lib/gcc/avr/4.3.3/../../../../avr/lib/avr25/crttn2313.o
__vector_16                                       /opt/cross/avr/lib/gcc/avr/4.3.3/../../../../avr/lib/avr25/crttn2313.o
__vector_17                                       /opt/cross/avr/lib/gcc/avr/4.3.3/../../../../avr/lib/avr25/crttn2313.o
__vector_18                                       /opt/cross/avr/lib/gcc/avr/4.3.3/../../../../avr/lib/avr25/crttn2313.o
__vector_2                                        /opt/cross/avr/lib/gcc/avr/4.3.3/../../../../avr/lib/avr25/crttn2313.o
__vector_3                                        /opt/cross/avr/lib/gcc/avr/4.3.3/../../../../avr/lib/avr25/crttn2313.o
__vector_4                                        /opt/cross/avr/lib/gcc/avr/4.3.3/../../../../avr/lib/avr25/crttn2313.o
__vector_5                                        /opt/cross/avr/lib/gcc/avr/4.3.3/../../../../avr/lib/avr25/crttn2313.o
__vector_6                                        /opt/cross/avr/lib/gcc/avr/4.3.3/../../../../avr/lib/avr25/crttn2313.o
__vector_7                                        /opt/cross/avr/lib/gcc/avr/4.3.3/../../../../avr/lib/avr25/crttn2313.o
__vector_8                                        /opt/cross/avr/lib/gcc/avr/4.3.3/../../../../avr/lib/avr25/crttn2313.o
__vector_9                                        /opt/cross/avr/lib/gcc/avr/4.3.3/../../../../avr/lib/avr25/crttn2313.o
__vector_default                                  /opt/cross/avr/lib/gcc/avr/4.3.3/../../../../avr/lib/avr25/crttn2313.o
__vectors                                         /opt/cross/avr/lib/gcc/avr/4.3.3/../../../../avr/lib/avr25/crttn2313.o
_exit                                             /opt/cross/avr/lib/gcc/avr/4.3.3/avr25/libgcc.a(_exit.o)
disable_rx                                        ./main.o
enable_rx                                         ./main.o
exit                                              /opt/cross/avr/lib/gcc/avr/4.3.3/avr25/libgcc.a(_exit.o)
                                                  /opt/cross/avr/lib/gcc/avr/4.3.3/../../../../avr/lib/avr25/crttn2313.o
itoa                                              /opt/cross/avr/lib/gcc/avr/4.3.3/../../../../avr/lib/avr25/libc.a(itoa.o)
                                                  ./main.o
main                                              ./main.o
                                                  /opt/cross/avr/lib/gcc/avr/4.3.3/../../../../avr/lib/avr25/crttn2313.o
rf12_data                                         ./main.o
rf12_init                                         ./main.o
rf12_ready                                        ./main.o
rf12_rxbyte                                       ./main.o
rf12_rxdata                                       ./main.o
rf12_rxdata_if_available                          ./main.o
rf12_trans                                        ./main.o
rfm12_get_status                                  ./main.o
rfm12_init                                        ./main.o
rfm12_int_process                                 ./main.o
rfm12_setbandwidth                                ./main.o
rfm12_setbaud                                     ./main.o
rfm12_setfreq                                     ./main.o
rfm12_setpower                                    ./main.o
strrev                                            /opt/cross/avr/lib/gcc/avr/4.3.3/../../../../avr/lib/avr25/libc.a(strrev.o)
                                                  /opt/cross/avr/lib/gcc/avr/4.3.3/../../../../avr/lib/avr25/libc.a(itoa.o)
uuart_putc                                        ./main.o
uuart_puts                                        ./main.o
